2026-02-08 12:02:31.709 INFO  nsync.master scan_start src="/home/mason/workspace/test/src2" scan_depth=3
2026-02-08 12:02:34.484 INFO  nsync.master scan_complete files=500675
2026-02-08 12:02:34.528 INFO  nsync.master master_started src="/home/mason/workspace/test/src2" dst="/home/mason/workspace/test/dst" num_master_processes=5 queue_threshold=10
2026-02-08 12:02:34.813 INFO  nsync.master producers_started count=5
2026-02-08 12:02:57.643 INFO  nsync.master progress total=    13 completed=     1 failed=     0 pending=    12 queue=     9 producers=  0 files=      10 bytes=   104857600
2026-02-08 12:03:02.860 INFO  nsync.master progress total=    56 completed=    42 failed=     0 pending=    14 queue=    10 producers=  0 files=  179740 bytes=  3143617536
2026-02-08 12:03:07.872 INFO  nsync.master progress total=    80 completed=    66 failed=     0 pending=    14 queue=     9 producers=  0 files=  198956 bytes=  5658042368
2026-02-08 12:03:12.984 INFO  nsync.master progress total=   104 completed=    92 failed=     0 pending=    12 queue=    10 producers=  0 files=  219799 bytes=  8382068736
2026-02-08 12:03:18.348 INFO  nsync.master progress total=   123 completed=   110 failed=     0 pending=    13 queue=    10 producers=  0 files=  231854 bytes= 10268100608
2026-02-08 12:03:23.411 INFO  nsync.master progress total=   153 completed=   140 failed=     0 pending=    13 queue=    10 producers=  0 files=  421475 bytes= 11839817728
2026-02-08 12:03:28.622 INFO  nsync.master progress total=   171 completed=   159 failed=     0 pending=    12 queue=    10 producers=  0 files=  492621 bytes= 13516683264
2026-02-08 12:03:33.681 INFO  nsync.master progress total=   191 completed=   177 failed=     0 pending=    14 queue=    10 producers=  0 files=  507146 bytes= 15402665984
2026-02-08 12:03:38.842 INFO  nsync.master progress total=   207 completed=   195 failed=     0 pending=    12 queue=     7 producers=  0 files=  521599 bytes= 17289061376
2026-02-08 12:03:44.403 INFO  nsync.master progress total=   240 completed=   228 failed=     0 pending=    12 queue=    10 producers=  0 files=  552133 bytes= 20746447872
2026-02-08 12:03:49.414 INFO  nsync.master progress total=   264 completed=   250 failed=     0 pending=    14 queue=    10 producers=  0 files=  569680 bytes= 23051867136
2026-02-08 12:03:54.474 INFO  nsync.master progress total=   285 completed=   271 failed=     0 pending=    14 queue=    10 producers=  0 files=  586626 bytes= 25252193280
2026-02-08 12:03:59.738 INFO  nsync.master progress total=   344 completed=   330 failed=     0 pending=    14 queue=    10 producers=  0 files=  637984 bytes= 31433988096
2026-02-08 12:04:04.749 INFO  nsync.master progress total=   372 completed=   359 failed=     0 pending=    13 queue=    10 producers=  0 files=  661247 bytes= 34472204288
2026-02-08 12:04:09.758 INFO  nsync.master progress total=   394 completed=   381 failed=     0 pending=    13 queue=    10 producers=  0 files=  679041 bytes= 36776776704
2026-02-08 12:04:10.954 INFO  nsync.master producer_done count=1
2026-02-08 12:04:15.769 INFO  nsync.master progress total=   415 completed=   402 failed=     0 pending=    13 queue=    10 producers=  1 files=  709648 bytes= 38806250496
2026-02-08 12:04:19.973 INFO  nsync.master producer_done count=2
2026-02-08 12:04:21.230 INFO  nsync.master progress total=   442 completed=   428 failed=     0 pending=    14 queue=    10 producers=  2 files=  730514 bytes= 41530164224
2026-02-08 12:04:26.340 INFO  nsync.master progress total=   462 completed=   447 failed=     0 pending=    15 queue=    10 producers=  2 files=  759222 bytes= 43322748928
2026-02-08 12:04:31.801 INFO  nsync.master progress total=   481 completed=   468 failed=     0 pending=    13 queue=    10 producers=  2 files=  788033 bytes= 45522898944
2026-02-08 12:04:37.061 INFO  nsync.master progress total=   502 completed=   490 failed=     0 pending=    12 queue=     8 producers=  2 files=  805716 bytes= 47827919872
2026-02-08 12:04:42.224 INFO  nsync.master progress total=   526 completed=   513 failed=     0 pending=    13 queue=    10 producers=  2 files=  824133 bytes= 50237352960
2026-02-08 12:04:48.035 INFO  nsync.master progress total=   548 completed=   535 failed=     0 pending=    13 queue=    10 producers=  2 files=  841840 bytes= 52542235648
2026-02-08 12:04:53.144 INFO  nsync.master progress total=   565 completed=   553 failed=     0 pending=    12 queue=    10 producers=  2 files=  856271 bytes= 54428158976
2026-02-08 12:04:57.847 INFO  nsync.master producer_done count=3
2026-02-08 12:04:57.847 INFO  nsync.master producer_done count=4
2026-02-08 12:04:57.847 INFO  nsync.master producer_done count=5
2026-02-08 12:04:58.604 INFO  nsync.master progress total=   585 completed=   574 failed=     0 pending=    11 queue=     6 producers=  5 files=  873109 bytes= 56627852288
2026-02-08 12:05:12.542 INFO  nsync.master requeue expired_workers=1 requeued_batches=0
2026-02-08 12:06:18.535 INFO  nsync.master signal signum=2
2026-02-08 12:06:38.128 INFO  nsync.master scan_start src="/home/mason/workspace/test/src2" scan_depth=3
2026-02-08 12:06:41.160 INFO  nsync.master scan_complete files=500675
2026-02-08 12:06:41.206 INFO  nsync.master master_started src="/home/mason/workspace/test/src2" dst="/home/mason/workspace/test/dst" num_master_processes=5 queue_threshold=10
2026-02-08 12:06:41.495 INFO  nsync.master producers_started count=5
2026-02-08 12:06:47.338 INFO  nsync.master progress total=    14 completed=     1 failed=     0 pending=    13 queue=    10 producers=  0 files=      10 bytes=   104857600
2026-02-08 12:06:52.356 INFO  nsync.master progress total=    62 completed=    49 failed=     0 pending=    13 queue=    10 producers=  0 files=  258362 bytes=  3249021952
2026-02-08 12:06:57.568 INFO  nsync.master progress total=    97 completed=    85 failed=     0 pending=    12 queue=    10 producers=  0 files=  287140 bytes=  7020829696
2026-02-08 12:07:02.730 INFO  nsync.master progress total=   130 completed=   117 failed=     0 pending=    13 queue=    10 producers=  0 files=  311309 bytes= 10373524480
2026-02-08 12:07:08.047 INFO  nsync.master progress total=   168 completed=   154 failed=     0 pending=    14 queue=    10 producers=  0 files=  471954 bytes= 12992917504
2026-02-08 12:07:13.409 INFO  nsync.master progress total=   199 completed=   186 failed=     0 pending=    13 queue=    10 producers=  0 files=  514246 bytes= 16346160128
2026-02-08 12:07:18.471 INFO  nsync.master progress total=   223 completed=   211 failed=     0 pending=    12 queue=    10 producers=  0 files=  534456 bytes= 18965977088
2026-02-08 12:07:23.782 INFO  nsync.master progress total=   245 completed=   232 failed=     0 pending=    13 queue=    10 producers=  0 files=  551376 bytes= 21166275584
2026-02-08 12:07:28.842 INFO  nsync.master progress total=   265 completed=   252 failed=     0 pending=    13 queue=    10 producers=  0 files=  567428 bytes= 23261411328
2026-02-08 12:07:34.003 INFO  nsync.master progress total=   283 completed=   270 failed=     0 pending=    13 queue=    10 producers=  0 files=  581769 bytes= 25147115520
2026-02-08 12:07:39.162 INFO  nsync.master progress total=   300 completed=   287 failed=     0 pending=    13 queue=    10 producers=  0 files=  595338 bytes= 26927855616
2026-02-08 12:07:44.273 INFO  nsync.master progress total=   328 completed=   315 failed=     0 pending=    13 queue=    10 producers=  0 files=  625779 bytes= 29861625856
2026-02-08 12:07:49.283 INFO  nsync.master progress total=   352 completed=   340 failed=     0 pending=    12 queue=    10 producers=  0 files=  645847 bytes= 32481394688
2026-02-08 12:07:54.994 INFO  nsync.master progress total=   384 completed=   372 failed=     0 pending=    12 queue=    10 producers=  0 files=  671640 bytes= 35834000384
2026-02-08 12:08:00.755 INFO  nsync.master progress total=   404 completed=   392 failed=     0 pending=    12 queue=     9 producers=  0 files=  691731 bytes= 37929624576
2026-02-08 12:08:05.765 INFO  nsync.master progress total=   423 completed=   410 failed=     0 pending=    13 queue=    10 producers=  0 files=  706186 bytes= 39815026688
2026-02-08 12:08:10.775 INFO  nsync.master progress total=   438 completed=   425 failed=     0 pending=    13 queue=    10 producers=  0 files=  718218 bytes= 41386371072
2026-02-08 12:08:15.784 INFO  nsync.master progress total=   456 completed=   443 failed=     0 pending=    13 queue=    10 producers=  0 files=  732776 bytes= 43272205312
2026-02-08 12:08:20.944 INFO  nsync.master progress total=   469 completed=   457 failed=     0 pending=    12 queue=    10 producers=  0 files=  744111 bytes= 44739001344
2026-02-08 12:08:21.442 INFO  nsync.master producer_done count=1
2026-02-08 12:08:26.204 INFO  nsync.master progress total=   485 completed=   472 failed=     0 pending=    13 queue=    10 producers=  1 files=  769760 bytes= 46139773952
2026-02-08 12:08:31.865 INFO  nsync.master progress total=   497 completed=   484 failed=     0 pending=    13 queue=    10 producers=  1 files=  787351 bytes= 47397156864
2026-02-08 12:08:36.319 INFO  nsync.master producer_done count=2
2026-02-08 12:08:36.926 INFO  nsync.master progress total=   517 completed=   504 failed=     0 pending=    13 queue=    10 producers=  2 files=  803393 bytes= 49492208640
2026-02-08 12:08:37.373 INFO  nsync.master producer_done count=3
2026-02-08 12:08:42.187 INFO  nsync.master progress total=   549 completed=   536 failed=     0 pending=    13 queue=    10 producers=  3 files=  856406 bytes= 52496829440
2026-02-08 12:08:47.247 INFO  nsync.master progress total=   570 completed=   556 failed=     0 pending=    14 queue=    10 producers=  3 files=  872490 bytes= 54591897600
2026-02-08 12:08:52.104 INFO  nsync.master producer_done count=4
2026-02-08 12:08:52.104 INFO  nsync.master producer_done count=5
2026-02-08 12:08:53.059 INFO  nsync.master progress total=   585 completed=   574 failed=     0 pending=    11 queue=     6 producers=  5 files=  886950 bytes= 56477966336
2026-02-08 12:08:54.780 INFO  nsync.master master_summary
+-------------------+---------------+
| metric            | value         |
+-------------------+---------------+
| elapsed_sec       | 133.602       |
| batches_total     | 585           |
| batches_completed | 585           |
| batches_failed    | 0             |
| files_processed   | 922779        |
| bytes_processed   | 57236193280   |
| gb_processed      | 53.305359     |
| batches_per_sec   | 4.379         |
| bytes_per_sec     | 428409057.974 |
| gb_per_sec        | 0.398987      |
| files_per_sec     | 6906.939      |
| queue_depth       | 0             |
| producers_done    | 5             |
| results_retained  | 585/100000    |
+-------------------+---------------+
2026-02-08 12:17:30.518 INFO  nsync.master scan_start src="/home/mason/workspace/test/src2" scan_depth=3
2026-02-08 12:17:33.554 INFO  nsync.master scan_complete files=500675
2026-02-08 12:17:33.603 INFO  nsync.master master_started src="/home/mason/workspace/test/src2" dst="/home/mason/workspace/test/dst" num_master_processes=5 queue_threshold=10
2026-02-08 12:17:33.944 INFO  nsync.master producers_started count=5
2026-02-08 12:17:33.944 INFO  nsync.master progress total=    14 completed=     1 failed=     0 pending=    13 queue=    10 producers=  0 files=      10 bytes=   104857600
2026-02-08 12:17:38.961 INFO  nsync.master progress total=    49 completed=    36 failed=     0 pending=    13 queue=     9 producers=  0 files=  128629 bytes=  2934312960
2026-02-08 12:17:44.174 INFO  nsync.master progress total=    92 completed=    80 failed=     0 pending=    12 queue=    10 producers=  0 files=  163957 bytes=  7543986176
2026-02-08 12:17:49.188 INFO  nsync.master progress total=   141 completed=   128 failed=     0 pending=    13 queue=    10 producers=  0 files=  334984 bytes= 11421356032
2026-02-08 12:17:51.726 INFO  nsync.master producer_done count=1
2026-02-08 12:17:54.403 INFO  nsync.master progress total=   188 completed=   174 failed=     0 pending=    14 queue=    10 producers=  1 files=  522270 bytes= 14917954560
2026-02-08 12:17:59.415 INFO  nsync.master progress total=   229 completed=   217 failed=     0 pending=    12 queue=     8 producers=  1 files=  556842 bytes= 19423539200
2026-02-08 12:18:04.428 INFO  nsync.master progress total=   278 completed=   265 failed=     0 pending=    13 queue=    10 producers=  1 files=  595335 bytes= 24452473856
2026-02-08 12:18:09.492 INFO  nsync.master progress total=   336 completed=   324 failed=     0 pending=    12 queue=    10 producers=  1 files=  642861 bytes= 30634479616
2026-02-08 12:18:14.706 INFO  nsync.master progress total=   384 completed=   372 failed=     0 pending=    12 queue=     9 producers=  1 files=  681429 bytes= 35663225856
2026-02-08 12:18:19.769 INFO  nsync.master progress total=   424 completed=   412 failed=     0 pending=    12 queue=     9 producers=  1 files=  725525 bytes= 39853969408
2026-02-08 12:18:24.784 INFO  nsync.master progress total=   476 completed=   463 failed=     0 pending=    13 queue=    10 producers=  1 files=  770547 bytes= 45197359104
2026-02-08 12:18:29.849 INFO  nsync.master progress total=   530 completed=   518 failed=     0 pending=    12 queue=    10 producers=  1 files=  814706 bytes= 50958906368
2026-02-08 12:18:34.794 INFO  nsync.master producer_done count=2
2026-02-08 12:18:35.062 INFO  nsync.master progress total=   575 completed=   563 failed=     0 pending=    12 queue=    10 producers=  2 files=  850851 bytes= 55673748480
2026-02-08 12:18:36.002 INFO  nsync.master producer_done count=3
2026-02-08 12:18:36.002 INFO  nsync.master producer_done count=4
2026-02-08 12:18:36.002 INFO  nsync.master producer_done count=5
2026-02-08 12:18:37.284 INFO  nsync.master master_summary
+-------------------+---------------+
| metric            | value         |
+-------------------+---------------+
| elapsed_sec       | 63.712        |
| batches_total     | 585           |
| batches_completed | 585           |
| batches_failed    | 0             |
| files_processed   | 922779        |
| bytes_processed   | 57236193280   |
| gb_processed      | 53.305359     |
| batches_per_sec   | 9.182         |
| bytes_per_sec     | 898357265.762 |
| gb_per_sec        | 0.836660      |
| files_per_sec     | 14483.584     |
| queue_depth       | 0             |
| producers_done    | 5             |
| results_retained  | 585/100000    |
+-------------------+---------------+
